C:\Users\TAIWO ADEDEJI M\AppData\Local\Programs\Python\Python38-32\CARtimeTravel.py
C:\Users\TAIWO ADEDEJI M\AppData\Local\Programs\Python\Python38-32\skier\SkierGAMES.py
C:\Users\TAIWO ADEDEJI M\AppData\Local\Programs\Python\Python38-32\Artful_rect.py
C:\Users\TAIWO ADEDEJI M\AppData\Local\Programs\Python\Python38-32\Artful_Rect3.py
C:\Users\TAIWO ADEDEJI M\AppData\Local\Programs\Python\Python38-32\Carpetcalculator.py
C:\Users\TAIWO ADEDEJI M\AppData\Local\Programs\Python\Python38-32\DEEJAYguessinggame.py
C:\Users\TAIWO ADEDEJI M\AppData\Local\Programs\Python\Python38-32\BALLclass.py
C:\Users\TAIWO ADEDEJI M\AppData\Local\Programs\Python\Python38-32\easyguiguessinggame.py
C:\Users\TAIWO ADEDEJI M\AppData\Local\Programs\Python\Python38-32\SkierGAMES.py
C:\Users\TAIWO ADEDEJI M\AppData\Local\Programs\Python\Python38-32\ConnectDOTS.py
C:\Users\TAIWO ADEDEJI M\AppData\Local\Programs\Python\Python38-32\Dictionary.py
C:\Users\TAIWO ADEDEJI M\AppData\Local\Programs\Python\Python38-32\beachBall\SpriteBallMove.py
C:\Users\TAIWO ADEDEJI M\AppData\Local\Programs\Python\Python38-32\beachBall\SpriteBalls.py
C:\Users\TAIWO ADEDEJI M\AppData\Local\Programs\Python\Python38-32\beachBall\BallInvisbleWall.py
C:\Users\TAIWO ADEDEJI M\AppData\Local\Programs\Python\Python38-32\Artfultiming.py
C:\Users\TAIWO ADEDEJI M\AppData\Local\Programs\Python\Python38-32\Artful_Rect2.py
C:\Users\TAIWO ADEDEJI M\AppData\Local\Programs\Python\Python38-32\beachBall\skiermove.py
C:\Users\TAIWO ADEDEJI M\AppData\Local\Programs\Python\Python38-32\beachBall\BeachBounceEdge.py
C:\Users\TAIWO ADEDEJI M\AppData\Local\Programs\Python\Python38-32\pygamecircle.py
C:\Users\TAIWO ADEDEJI M\AppData\Local\Programs\Python\Python38-32\beachBall\BeasbBallSmoothMove.py
C:\Users\TAIWO ADEDEJI M\AppData\Local\Programs\Python\Python38-32\beachBall\pygamePolygon.py
